#-----------------------------------------------------------
# Vivado v2023.2 (64-bit)
# SW Build 4029153 on Fri Oct 13 20:14:34 MDT 2023
# IP Build 4028589 on Sat Oct 14 00:45:43 MDT 2023
# SharedData Build 4025554 on Tue Oct 10 17:18:54 MDT 2023
# Start of session at: Sat Nov 11 23:12:49 2023
# Process ID: 14200
# Current directory: C:/Users/rafcal0v/riscv-steel-tests/hello-world/arty-a7-35t/arty-a7-35t.runs/impl_1
# Command line: vivado.exe -log hello_world_arty_a7.vdi -applog -product Vivado -messageDb vivado.pb -mode batch -source hello_world_arty_a7.tcl -notrace
# Log file: C:/Users/rafcal0v/riscv-steel-tests/hello-world/arty-a7-35t/arty-a7-35t.runs/impl_1/hello_world_arty_a7.vdi
# Journal file: C:/Users/rafcal0v/riscv-steel-tests/hello-world/arty-a7-35t/arty-a7-35t.runs/impl_1\vivado.jou
# Running On: CAK-M3NSK32-556, OS: Windows, CPU Frequency: 2496 MHz, CPU Physical cores: 8, Host memory: 34065 MB
#-----------------------------------------------------------
source hello_world_arty_a7.tcl -notrace
